 driver

 Timestamp is 6933153e (Sat Dec  6 01:24:14 2025)

 Preferred load address is 0000000140000000

 Start         Length     Name                   Class
 0001:00000000 00000490H .text$mn                CODE
 0001:00000490 00000040H .text$mn$00             CODE
 0001:000004d0 00000144H .text$s                 CODE
 0002:00000000 000000a0H .idata$5                DATA
 0002:000000a0 00000180H .00cfg                  DATA
 0002:00000220 00000020H .gfids                  DATA
 0002:00000238 00000000H .gfids$y                DATA
 0002:00000240 000001c0H .rdata                  DATA
 0002:00000400 00000000H .rdata$CastGuardVftablesA DATA
 0002:00000400 00000000H .rdata$CastGuardVftablesC DATA
 0002:00000400 00000150H .rdata$zzzdbg           DATA
 0002:00000550 00000080H .xdata                  DATA
 0003:00000000 00000010H .data                   DATA
 0003:00000010 00000028H .bss                    DATA
 0004:00000000 00000078H .pdata                  DATA
 0005:00000000 00000000H INIT                    CODE
 0005:00000000 00000014H .idata$2                CODE
 0005:00000014 00000014H .idata$3                CODE
 0005:00000028 000000a0H .idata$4                CODE
 0005:000000c8 000001baH .idata$6                CODE

  Address         Publics by Value              Rva+Base               Lib:Object

 0000:00000000       __AbsoluteZero             0000000000000000     <absolute>
 0000:00000000       ___safe_se_handler_count   0000000000000000     <absolute>
 0000:00000000       ___safe_se_handler_table   0000000000000000     <absolute>
 0000:00000000       __arm64x_extra_rfe_table   0000000000000000     <absolute>
 0000:00000000       __arm64x_extra_rfe_table_size 0000000000000000     <absolute>
 0000:00000000       __arm64x_native_entrypoint 0000000000000000     <absolute>
 0000:00000000       __arm64x_redirection_metadata 0000000000000000     <absolute>
 0000:00000000       __arm64x_redirection_metadata_count 0000000000000000     <absolute>
 0000:00000000       __dynamic_value_reloc_table 0000000000000000     <absolute>
 0000:00000000       __enclave_config           0000000000000000     <absolute>
 0000:00000000       __guard_check_icall_a64n_fptr 0000000000000000     <absolute>
 0000:00000000       __guard_eh_cont_count      0000000000000000     <absolute>
 0000:00000000       __guard_eh_cont_table      0000000000000000     <absolute>
 0000:00000000       __guard_iat_count          0000000000000000     <absolute>
 0000:00000000       __guard_iat_table          0000000000000000     <absolute>
 0000:00000000       __guard_longjmp_count      0000000000000000     <absolute>
 0000:00000000       __guard_longjmp_table      0000000000000000     <absolute>
 0000:00000000       __hybrid_auxiliary_delayload_iat 0000000000000000     <absolute>
 0000:00000000       __hybrid_auxiliary_delayload_iat_copy 0000000000000000     <absolute>
 0000:00000000       __hybrid_auxiliary_iat     0000000000000000     <absolute>
 0000:00000000       __hybrid_auxiliary_iat_copy 0000000000000000     <absolute>
 0000:00000000       __hybrid_code_map          0000000000000000     <absolute>
 0000:00000000       __hybrid_code_map_count    0000000000000000     <absolute>
 0000:00000000       __hybrid_image_info_bitfield 0000000000000000     <absolute>
 0000:00000000       __volatile_metadata        0000000000000000     <absolute>
 0000:00000000       __x64_code_ranges_to_entry_points 0000000000000000     <absolute>
 0000:00000000       __x64_code_ranges_to_entry_points_count 0000000000000000     <absolute>
 0000:00000006       __guard_fids_count         0000000000000006     <absolute>
 0000:00014500       __guard_flags              0000000000014500     <absolute>
 0001:00000000       DriverEntry                0000000140001000 f   main.obj
 0001:00000030       copy_memory                0000000140001030 f i main.obj
 0001:00000070       init                       0000000140001070 f   main.obj
 0001:00000140       io_device_control          0000000140001140 f   main.obj
 0001:00000410       ioctl_close                0000000140001410 f   main.obj
 0001:00000410       ioctl_create               0000000140001410 f   main.obj
 0001:00000440       unload_driver              0000000140001440 f   main.obj
 0001:00000466       ZwAllocateVirtualMemory    0000000140001466 f   ntoskrnl:ntoskrnl.exe
 0001:0000046c       MmCopyVirtualMemory        000000014000146c f   ntoskrnl:ntoskrnl.exe
 0001:00000480       _guard_check_icall_nop     0000000140001480 f i BufferOverflowFastFailK:guard_check.obj
 0001:000004a0       _guard_dispatch_icall_nop  00000001400014a0 f   BufferOverflowFastFailK:guard_dispatch.obj
 0001:000004c0       _guard_xfg_dispatch_icall_nop 00000001400014c0 f   BufferOverflowFastFailK:guard_xfg_dispatch.obj
 0001:000004d0       ??_C@_1GE@BJPIKDMC@?$AA?2?$AAD?$AAe?$AAv?$AAi?$AAc?$AAe?$AA?2?$AA?$HL?$AAz?$AAx?$AAc?$AAh?$AAi?$AAg@FNODOBFM@ 00000001400014d0     main.obj
 0001:00000540       ??_C@_1GM@PKGLOKKB@?$AA?2?$AAD?$AAo?$AAs?$AAD?$AAe?$AAv?$AAi?$AAc?$AAe?$AAs?$AA?2?$AA?$HL?$AAz?$AAx@FNODOBFM@ 0000000140001540     main.obj
 0001:000005b0       ??_C@_1GE@HMGBIEMD@?$AA?2?$AAD?$AAr?$AAi?$AAv?$AAe?$AAr?$AA?2?$AA?$HL?$AAz?$AAx?$AAc?$AAh?$AAi?$AAg@FNODOBFM@ 00000001400015b0     main.obj
 0002:00000000       __imp_RtlInitUnicodeString 0000000140002000     ntoskrnl:ntoskrnl.exe
 0002:00000008       __imp_RtlCompareUnicodeString 0000000140002008     ntoskrnl:ntoskrnl.exe
 0002:00000010       __imp_IofCompleteRequest   0000000140002010     ntoskrnl:ntoskrnl.exe
 0002:00000018       __imp_IoCreateDevice       0000000140002018     ntoskrnl:ntoskrnl.exe
 0002:00000020       __imp_IoCreateSymbolicLink 0000000140002020     ntoskrnl:ntoskrnl.exe
 0002:00000028       __imp_IoDeleteDevice       0000000140002028     ntoskrnl:ntoskrnl.exe
 0002:00000030       __imp_IoDeleteSymbolicLink 0000000140002030     ntoskrnl:ntoskrnl.exe
 0002:00000038       __imp_IoGetCurrentProcess  0000000140002038     ntoskrnl:ntoskrnl.exe
 0002:00000040       __imp_ObfDereferenceObject 0000000140002040     ntoskrnl:ntoskrnl.exe
 0002:00000048       __imp_KeAttachProcess      0000000140002048     ntoskrnl:ntoskrnl.exe
 0002:00000050       __imp_KeDetachProcess      0000000140002050     ntoskrnl:ntoskrnl.exe
 0002:00000058       __imp_KeStackAttachProcess 0000000140002058     ntoskrnl:ntoskrnl.exe
 0002:00000060       __imp_KeUnstackDetachProcess 0000000140002060     ntoskrnl:ntoskrnl.exe
 0002:00000068       __imp_PsLookupProcessByProcessId 0000000140002068     ntoskrnl:ntoskrnl.exe
 0002:00000070       __imp_ZwAllocateVirtualMemory 0000000140002070     ntoskrnl:ntoskrnl.exe
 0002:00000078       __imp_MmCopyVirtualMemory  0000000140002078     ntoskrnl:ntoskrnl.exe
 0002:00000080       __imp_PsGetProcessPeb      0000000140002080     ntoskrnl:ntoskrnl.exe
 0002:00000088       __imp_IoCreateDriver       0000000140002088     ntoskrnl:ntoskrnl.exe
 0002:00000090       __imp_ZwProtectVirtualMemory 0000000140002090     ntoskrnl:ntoskrnl.exe
 0002:00000098       \177ntoskrnl_NULL_THUNK_DATA 0000000140002098     ntoskrnl:ntoskrnl.exe
 0002:000000a0       __uma_functions            00000001400020a0     BufferOverflowFastFailK:loadcfg.obj
 0002:000001f0       __guard_check_icall_fptr   00000001400021f0     BufferOverflowFastFailK:guard_support.obj
 0002:000001f8       __guard_dispatch_icall_fptr 00000001400021f8     BufferOverflowFastFailK:guard_support.obj
 0002:00000200       __guard_xfg_check_icall_fptr 0000000140002200     BufferOverflowFastFailK:guard_support.obj
 0002:00000208       __guard_xfg_dispatch_icall_fptr 0000000140002208     BufferOverflowFastFailK:guard_support.obj
 0002:00000210       __guard_xfg_table_dispatch_icall_fptr 0000000140002210     BufferOverflowFastFailK:guard_support.obj
 0002:00000218       __castguard_check_failure_os_handled_fptr 0000000140002218     BufferOverflowFastFailK:guard_support.obj
 0002:00000220       __guard_fids_table         0000000140002220     <linker-defined>
 0002:00000240       _load_config_used          0000000140002240     BufferOverflowFastFailK:loadcfg.obj
 0003:00000000       __security_cookie          0000000140003000     BufferOverflowFastFailK:gs_support.obj
 0003:00000010       dos                        0000000140003010     <common>
 0003:00000020       dev                        0000000140003020     <common>
 0003:00000030       driver_object              0000000140003030     <common>
 0005:00000000       __IMPORT_DESCRIPTOR_ntoskrnl 0000000140005000     ntoskrnl:ntoskrnl.exe
 0005:00000014       __NULL_IMPORT_DESCRIPTOR   0000000140005014     ntoskrnl:ntoskrnl.exe

 entry point at        0001:00000000

 Static symbols

 0002:ffffe000       __guard_fids_DriverEntry   0000000140000000     main.obj
 0002:ffffe000       __guard_fids_init          0000000140000000     main.obj
 0002:ffffe000       __guard_fids__             0000000140000000     BufferOverflowFastFailK:guard_support.obj
 0002:ffffe000       __guard_fids__             0000000140000000     BufferOverflowFastFailK:guard_support.obj
 0002:ffffe000       __guard_fids__guard_icall_checks_enforced 0000000140000000     BufferOverflowFastFailK:guard_support.obj
 0001:000004a0       $$000000                   00000001400014a0     BufferOverflowFastFailK:guard_dispatch.obj
 0001:000004c0       $$000000                   00000001400014c0     BufferOverflowFastFailK:guard_xfg_dispatch.obj
 0002:00000550       $unwind$unload_driver      0000000140002550     main.obj
 0002:0000055c       $unwind$ioctl_close        000000014000255c     main.obj
 0002:0000055c       $unwind$ioctl_create       000000014000255c     main.obj
 0002:00000568       $unwind$io_device_control  0000000140002568     main.obj
 0002:0000057c       $chain$0$io_device_control 000000014000257c     main.obj
 0002:00000590       $chain$1$io_device_control 0000000140002590     main.obj
 0002:000005a4       $unwind$copy_memory        00000001400025a4     main.obj
 0002:000005b0       $unwind$init               00000001400025b0     main.obj
 0002:000005bc       $unwind$DriverEntry        00000001400025bc     main.obj
 0002:000005c8       $xdatasym$_guard_dispatch_icall_nop 00000001400025c8     BufferOverflowFastFailK:guard_dispatch.obj
 0002:000005c8       $xdatasym$_guard_xfg_dispatch_icall_nop 00000001400025c8     BufferOverflowFastFailK:guard_xfg_dispatch.obj
 0005:00000274       .idata$6                   0000000140005274     ntoskrnl:ntoskrnl.exe

 Exports

  ordinal    name

